// Jest Snapshot v1, https://goo.gl/fbAQLP

exports[`Home Page matches snapshot 1`] = `
<div
  className="ui fluid container sc-jSUZER cuqPKr home-page"
  data-testid="homePage-2"
>
  <div
    className="sc-bcXHqe cmhGCi"
  >
    <div
      className="ui green fluid secondary menu"
    >
      <div
        className="item"
        onClick={[Function]}
      >
        <div
          className="sc-gswNZR loKfof"
        >
          <img
            className="ui medium image"
            onClick={[Function]}
            src="logo-blue.png"
          />
        </div>
      </div>
      <div
        className="right menu"
      >
        <button
          className="sc-eDWCr iWyJuu login"
          data-testid="login-ext-button"
          onClick={[Function]}
          role="button"
        >
          Login
        </button>
        <button
          className="sc-eDWCr iWyJuu get-started"
          data-testid="get-started-button"
          onClick={[Function]}
          role="button"
        >
          Get Started
        </button>
      </div>
    </div>
  </div>
  <div
    className="sc-gKPRtg ipIhgG"
  >
    <div
      className="sc-pyfCe icIUxe"
    >
      <div
        className="sc-jrcTuL fTYTOQ"
      >
        <h1
          className="sc-iBYQkv bxfgkn"
        >
          Reduce Your Cloud Spending Costs Effectively with CostOptix
        </h1>
      </div>
      <div
        className="sc-kDvujY kLRbAF"
      >
        <p
          className="sc-ftTHYK fyfblt"
        >
          A powerful and insightful software suite to explore, understand and take action on cloud services spending
        </p>
      </div>
      <div
        className="sc-ipEyDJ gBsYSR"
      >
        <form
          action="undefinedAccount/DemoLogin?returnUrl=/init"
          method="POST"
        >
          <button
            className="sc-eDWCr iWyJuu view-demo"
            data-testid="login-demo-button"
            onClick={[Function]}
          >
            View Demo
          </button>
        </form>
      </div>
    </div>
  </div>
</div>
`;
