// Jest Snapshot v1, https://goo.gl/fbAQLP

exports[`Home Page matches snapshot 1`] = `
<div
  className="ui fluid container sc-gKPRtg bTAeLF home-page"
  data-testid="homePage-2"
>
  <div
    className="sc-hBxehG hrFFpj"
  >
    <div
      className="ui green fluid secondary menu"
    >
      <div
        className="item"
        onClick={[Function]}
      >
        <div>
          <img
            className="ui medium image"
            src="logo-blue.png"
          />
        </div>
      </div>
      <div
        className="right menu"
      >
        <button
          className="sc-ksBlkl gBFVOY login"
          data-testid="login-ext-button"
          onClick={[Function]}
          role="button"
        >
          Login
        </button>
        <button
          className="sc-ksBlkl gBFVOY get-started"
          data-testid="get-started-button"
          onClick={[Function]}
          role="button"
        >
          Get Started
        </button>
      </div>
    </div>
  </div>
  <div
    className="sc-iBYQkv lpljHd"
  >
    <div
      className="sc-jrcTuL dNswJq"
    >
      <div
        className="sc-kDvujY gQAjHp"
      >
        <h1
          className="sc-ftTHYK gWWCN"
        >
          Stop Over-Spending on Cloud Services
        </h1>
      </div>
      <div
        className="sc-ipEyDJ chZxhh"
      >
        <p
          className="sc-pyfCe cVTGik"
        >
          A powerful and insightful software suite to explore, understand and take action on cloud services spending
        </p>
      </div>
      <div
        className="sc-csuSiG dfAsey"
      >
        <form
          action="undefinedAccount/DemoLogin?returnUrl=/init"
          method="POST"
        >
          <button
            className="sc-ksBlkl gBFVOY view-demo"
            data-testid="login-demo-button"
          >
            View Demo
          </button>
        </form>
      </div>
    </div>
  </div>
</div>
`;
