// Jest Snapshot v1, https://goo.gl/fbAQLP

exports[`Home Page matches snapshot 1`] = `
<div
  className="ui fluid container sc-ftTHYK cHWSdq home-page"
  data-testid="homePage-2"
>
  <div
    className="sc-hLBbgP dFDHev"
  >
    <div
      className="ui green fluid secondary menu"
    >
      <div
        className="item"
        onClick={[Function]}
      >
        <div
          className="sc-eDvSVe gTUNTl"
        >
          <img
            className="ui medium image"
            onClick={[Function]}
            src="logo-blue.png"
          />
        </div>
      </div>
      <div
        className="right menu"
      >
        <button
          className="sc-hBxehG bViUOI transparent shift-right"
          data-testid="support-button"
          onClick={[Function]}
          role="button"
        >
          Help Centre
        </button>
        <div
          aria-expanded={false}
          className="ui simple dropdown sc-bcXHqe kzsyIS"
          data-testid="dropdown"
          onBlur={[Function]}
          onChange={[Function]}
          onClick={[Function]}
          onFocus={[Function]}
          onKeyDown={[Function]}
          onMouseDown={[Function]}
          role="listbox"
          tabIndex={0}
        >
          <div
            aria-atomic={true}
            aria-live="polite"
            className="divider text"
            role="alert"
          >
            Legal
          </div>
          <i
            aria-hidden="true"
            className="dropdown icon"
            onClick={[Function]}
          />
          <div
            className="menu transition sc-gswNZR eulPVq"
          >
            <div
              className="item sc-dkrFOg iWHbYH"
              onClick={[Function]}
              role="option"
            >
              Privacy
            </div>
            <div
              className="item sc-dkrFOg iWHbYH"
              onClick={[Function]}
              role="option"
            >
              Terms of Service
            </div>
          </div>
        </div>
        <button
          className="sc-hBxehG bViUOI login"
          data-testid="login-ext-button"
          onClick={[Function]}
          role="button"
        >
          Login
        </button>
        <button
          className="sc-hBxehG bViUOI get-started"
          data-testid="get-started-button"
          onClick={[Function]}
          role="button"
        >
          Get Started
        </button>
      </div>
    </div>
  </div>
  <div
    className="sc-pyfCe kKPFa"
  >
    <div
      className="sc-ipEyDJ eaZUbE"
    >
      <div
        className="sc-csuSiG hrYaiu"
      >
        <h1
          className="sc-jrcTuL hjSAun"
        >
          Reduce Your Cloud Spending Costs Effectively with CostOptix
        </h1>
      </div>
      <div
        className="sc-eDWCr iWmlnB"
      >
        <p
          className="sc-kDvujY UufDO"
        >
          A powerful and insightful software suite to explore, understand and take action on cloud services spending
        </p>
      </div>
      <div
        className="sc-bqWxrE iqHtSB"
      >
        <form
          action="undefinedAccount/DemoLogin?returnUrl=/init"
          method="POST"
        >
          <button
            className="sc-hBxehG bViUOI view-demo"
            data-testid="login-demo-button"
            onClick={[Function]}
          >
            View Demo
          </button>
        </form>
      </div>
    </div>
    <div
      className="CookieConsent"
      style={
        Object {
          "alignItems": "baseline",
          "background": "#353535",
          "bottom": "0",
          "color": "white",
          "display": "flex",
          "flexWrap": "wrap",
          "justifyContent": "space-between",
          "left": "0",
          "position": "fixed",
          "width": "100%",
          "zIndex": "999",
        }
      }
    >
      <div
        className=""
        style={
          Object {
            "flex": "1 0 300px",
            "margin": "15px",
          }
        }
      >
        This site uses cookies.
      </div>
      <div
        className=""
      >
        <button
          aria-label="Accept cookies"
          className=""
          id="rcc-confirm-button"
          onClick={[Function]}
          style={
            Object {
              "background": "#ffd42d",
              "border": "0",
              "borderRadius": "0px",
              "boxShadow": "none",
              "color": "black",
              "cursor": "pointer",
              "flex": "0 0 auto",
              "margin": "15px",
              "padding": "5px 10px",
            }
          }
        >
          I understand
        </button>
      </div>
    </div>
  </div>
</div>
`;
