// Jest Snapshot v1, https://goo.gl/fbAQLP

exports[`Home Page matches snapshot 1`] = `
<div
  className="ui fluid container sc-gKPRtg xINku"
  data-testid="homePage-2"
>
  <div
    className="sc-iBYQkv TjSav"
  >
    <div
      className="ui green fluid secondary menu"
    >
      <div
        className="item"
        onClick={[Function]}
      >
        <div>
          <img
            className="ui medium image"
            src="logo-blue.png"
          />
        </div>
      </div>
      <div
        className="right menu"
      >
        <div
          className="sc-hBxehG fIRiPz login"
          data-testid="login-ext-button"
          onClick={[Function]}
          role="button"
        >
          Login
        </div>
        <div
          className="sc-hBxehG fIRiPz get-started"
          data-testid="get-started-button"
          onClick={[Function]}
          role="button"
        >
          Get Started
        </div>
      </div>
    </div>
  </div>
  <div
    className="sc-ftTHYK jHZmEC"
  >
    <div
      className="sc-kDvujY bzlfjH"
    >
      <div
        className="sc-ipEyDJ cPjPFR"
      >
        <h1
          className="sc-pyfCe jkiYLE"
        >
          Stop Over-Spending on Cloud Services
        </h1>
      </div>
      <div
        className="sc-csuSiG hNfGCG"
      >
        <p
          className="sc-jrcTuL eVxvFz"
        >
          A powerful and insightful software suite to explore, understand and take action on cloud services spending
        </p>
      </div>
      <div
        className="sc-eDWCr dAGWDt"
      >
        <div
          className="sc-hBxehG fIRiPz view-demo"
          data-testid="login-demo-button"
          role="button"
        >
          View Demo
        </div>
      </div>
    </div>
  </div>
</div>
`;
