// Jest Snapshot v1, https://goo.gl/fbAQLP

exports[`Login Button matches snapshot 1`] = `
<form
  action="undefinedAccount/ExternalLogin?provider=Azure&returnUrl=/"
  method="POST"
>
  <button
    className="ui black button"
    data-testid="login-ext-button"
    onClick={[Function]}
    style={
      Object {
        "fontSize": "1.7em",
      }
    }
  />
</form>
`;
