// Jest Snapshot v1, https://goo.gl/fbAQLP

exports[`Tooltips matches snapshot 1`] = `
<div
  className="ui card"
  onClick={[Function]}
>
  <div
    className="content"
  >
    <img
      alt="ServiceProviderLogo"
      className="ui mini right floated image"
      style={
        Object {
          "margin": "0.2em",
        }
      }
    />
    <div
      className="header"
    >
      Provider
    </div>
    <div
      className="meta"
    >
      Account Name
    </div>
  </div>
  <div
    className="content"
  >
    <div
      className="description"
    >
      <strong>
        Service
      </strong>
       : 
      Service
    </div>
    <div
      className="description"
    >
      <strong>
        Resource
      </strong>
       : 
      Resource Name
    </div>
    <div
      className="ui divider"
    />
  </div>
</div>
`;
